// Jest Snapshot v1, https://goo.gl/fbAQLP

exports[`Pruebas en el componente <GifGridItem /> Debe mostrarse el componente <GifGridItem /> correctamente 1`] = `
<div
  className="card animate__animated animate__fadeIn"
>
  <img
    alt="Titulo de la imagen"
    src="https://unaimagen.jpg"
  />
  <p>
     
    Titulo de la imagen
     
  </p>
</div>
`;
